// Jest Snapshot v1, https://goo.gl/fbAQLP

exports[`Home(countries) component should match the snapshot 1`] = `
<h1
  className="text-center"
>
  Loading Countries...
</h1>
`;
